<html>
<body>
<pre>
<h1>µVision Build Log</h1>
<h2>Tool Versions:</h2>
IDE-Version: µVision V5.25.2.0
Copyright (C) 2018 ARM Ltd and ARM Germany GmbH. All rights reserved.
License Information: atsada karanet, i don't have company, LIC=KIVHL-06VAV-8X7UZ-JHNNF-QV6YY-TN1V8
 
Tool Versions:
Toolchain:       MDK-ARM Professional  Version: 5.25.2.0
Toolchain Path:  E:\Keil_5\ARM\ARMCC\Bin
C Compiler:      Armcc.exe V5.06 update 6 (build 750)
Assembler:       Armasm.exe V5.06 update 6 (build 750)
Linker/Locator:  ArmLink.exe V5.06 update 6 (build 750)
Library Manager: ArmAr.exe V5.06 update 6 (build 750)
Hex Converter:   FromElf.exe V5.06 update 6 (build 750)
CPU DLL:         SARMCM3.DLL V5.25.2.0
Dialog DLL:      DCM.DLL V1.17.1.0
Target DLL:      STLink\ST-LINKIII-KEIL_SWO.dll V3.0.1.0
Dialog DLL:      TCM.DLL V1.35.1.0
 
<h2>Project:</h2>
C:\Users\torza\Documents\STM32\Sorvo\MDK-ARM\Sorvo.uvprojx
Project File Date:  05/04/2019

<h2>Output:</h2>
*** Using Compiler 'V5.06 update 6 (build 750)', folder: 'E:\Keil_5\ARM\ARMCC\Bin'
Build target 'Sorvo'
compiling gpio.c...
../Inc/main.h(79): warning:  #1295-D: Deprecated declaration displayLCD_Manual_mode - give arg types
  void displayLCD_Manual_mode();
../Inc/main.h(89): warning:  #1295-D: Deprecated declaration AutoMode - give arg types
  void AutoMode();
../Inc/main.h(90): warning:  #1295-D: Deprecated declaration manualMode - give arg types
  void manualMode();
../Src/gpio.c: 3 warnings, 0 errors
compiling main.c...
../Inc/main.h(79): warning:  #1295-D: Deprecated declaration displayLCD_Manual_mode - give arg types
  void displayLCD_Manual_mode();
../Inc/main.h(89): warning:  #1295-D: Deprecated declaration AutoMode - give arg types
  void AutoMode();
../Inc/main.h(90): warning:  #1295-D: Deprecated declaration manualMode - give arg types
  void manualMode();
../Src/main.c(401): warning:  #1035-D: single-precision operand implicitly converted to double-precision
  			if(dist2 <6.00){
../Src/main.c: 4 warnings, 0 errors
linking...
Program Size: Code=15360 RO-data=464 RW-data=52 ZI-data=1372  
FromELF: creating hex file...
"Sorvo\Sorvo.axf" - 0 Error(s), 7 Warning(s).

<h2>Software Packages used:</h2>

Package Vendor: ARM
                http://www.keil.com/pack/ARM.CMSIS.5.5.0.pack
                ARM.CMSIS.5.5.0
                CMSIS (Cortex Microcontroller Software Interface Standard)
   * Component: CORE Version: 5.2.0

Package Vendor: Keil
                http://www.keil.com/pack/Keil.STM32F4xx_DFP.2.13.0.pack
                Keil.STM32F4xx_DFP.2.13.0
                STMicroelectronics STM32F4 Series Device Support, Drivers and Examples

<h2>Collection of Component include folders:</h2>
  .\RTE\_Sorvo
  E:\Keil_5\ARM\PACK\ARM\CMSIS\5.5.0\CMSIS\Core\Include
  E:\Keil_5\ARM\PACK\Keil\STM32F4xx_DFP\2.13.0\Drivers\CMSIS\Device\ST\STM32F4xx\Include

<h2>Collection of Component Files used:</h2>

   * Component: ARM::CMSIS:CORE:5.2.0
Build Time Elapsed:  00:00:07
</pre>
</body>
</html>
